// Jest Snapshot v1, https://goo.gl/fbAQLP

exports[`match snapshot register component 1`] = `
Object {
  "asFragment": [Function],
  "baseElement": <body>
    <div>
      <div
        class="input"
      >
        <form>
          <label
            for="Name"
          >
             Patient Name 
          </label>
          <input
            id="Name"
            required=""
            type="text"
            value=""
          />
          <label
            for="Patient Status"
          >
            Patient Status:
          </label>
          <select
            id="Patient Status"
            name="Patient Status"
            required=""
          >
            <option
              value=""
            />
            <option>
              inActive
            </option>
            <option>
              active
            </option>
            <option>
              death
            </option>
          </select>
          <label
            for="DoB"
          >
            DoB
          </label>
          <input
            id="DoB"
            required=""
            type="date"
            value=""
          />
          <label
            for="Country"
          >
            Country:
          </label>
          <select
            id="Country"
            name="Country"
            required=""
          >
            <option
              value=""
            />
            <option>
              India
            </option>
            <option>
              US
            </option>
            <option>
              UK
            </option>
          </select>
          <label
            for="Address"
          >
            Address
          </label>
          <input
            id="Address"
            required=""
            type="text"
            value=""
          />
          <label
            for="Phone Number"
          >
            Phone Number
          </label>
          <input
            id="Phone Number"
            name="Phone Number"
            pattern="[0-9]{3}[0-9]{3}[0-9]{4}"
            required=""
            title="Phone Number must contain ten digits"
            type="tel"
            value=""
          />
          <label
            for="Emergency Contact"
          >
            Emergency Contact
          </label>
          <input
            id="Emergency Contact"
            name="Emergency Contact"
            pattern="[0-9]{3}[0-9]{3}[0-9]{4}"
            required=""
            title="Emergency Contact must contain ten digits"
            type="tel"
            value=""
          />
          <button
            type="submit"
          >
             Submit 
          </button>
        </form>
      </div>
    </div>
  </body>,
  "container": <div>
    <div
      class="input"
    >
      <form>
        <label
          for="Name"
        >
           Patient Name 
        </label>
        <input
          id="Name"
          required=""
          type="text"
          value=""
        />
        <label
          for="Patient Status"
        >
          Patient Status:
        </label>
        <select
          id="Patient Status"
          name="Patient Status"
          required=""
        >
          <option
            value=""
          />
          <option>
            inActive
          </option>
          <option>
            active
          </option>
          <option>
            death
          </option>
        </select>
        <label
          for="DoB"
        >
          DoB
        </label>
        <input
          id="DoB"
          required=""
          type="date"
          value=""
        />
        <label
          for="Country"
        >
          Country:
        </label>
        <select
          id="Country"
          name="Country"
          required=""
        >
          <option
            value=""
          />
          <option>
            India
          </option>
          <option>
            US
          </option>
          <option>
            UK
          </option>
        </select>
        <label
          for="Address"
        >
          Address
        </label>
        <input
          id="Address"
          required=""
          type="text"
          value=""
        />
        <label
          for="Phone Number"
        >
          Phone Number
        </label>
        <input
          id="Phone Number"
          name="Phone Number"
          pattern="[0-9]{3}[0-9]{3}[0-9]{4}"
          required=""
          title="Phone Number must contain ten digits"
          type="tel"
          value=""
        />
        <label
          for="Emergency Contact"
        >
          Emergency Contact
        </label>
        <input
          id="Emergency Contact"
          name="Emergency Contact"
          pattern="[0-9]{3}[0-9]{3}[0-9]{4}"
          required=""
          title="Emergency Contact must contain ten digits"
          type="tel"
          value=""
        />
        <button
          type="submit"
        >
           Submit 
        </button>
      </form>
    </div>
  </div>,
  "debug": [Function],
  "findAllByAltText": [Function],
  "findAllByDisplayValue": [Function],
  "findAllByLabelText": [Function],
  "findAllByPlaceholderText": [Function],
  "findAllByRole": [Function],
  "findAllByTestId": [Function],
  "findAllByText": [Function],
  "findAllByTitle": [Function],
  "findByAltText": [Function],
  "findByDisplayValue": [Function],
  "findByLabelText": [Function],
  "findByPlaceholderText": [Function],
  "findByRole": [Function],
  "findByTestId": [Function],
  "findByText": [Function],
  "findByTitle": [Function],
  "getAllByAltText": [Function],
  "getAllByDisplayValue": [Function],
  "getAllByLabelText": [Function],
  "getAllByPlaceholderText": [Function],
  "getAllByRole": [Function],
  "getAllByTestId": [Function],
  "getAllByText": [Function],
  "getAllByTitle": [Function],
  "getByAltText": [Function],
  "getByDisplayValue": [Function],
  "getByLabelText": [Function],
  "getByPlaceholderText": [Function],
  "getByRole": [Function],
  "getByTestId": [Function],
  "getByText": [Function],
  "getByTitle": [Function],
  "queryAllByAltText": [Function],
  "queryAllByDisplayValue": [Function],
  "queryAllByLabelText": [Function],
  "queryAllByPlaceholderText": [Function],
  "queryAllByRole": [Function],
  "queryAllByTestId": [Function],
  "queryAllByText": [Function],
  "queryAllByTitle": [Function],
  "queryByAltText": [Function],
  "queryByDisplayValue": [Function],
  "queryByLabelText": [Function],
  "queryByPlaceholderText": [Function],
  "queryByRole": [Function],
  "queryByTestId": [Function],
  "queryByText": [Function],
  "queryByTitle": [Function],
  "rerender": [Function],
  "unmount": [Function],
}
`;
